<testsuites id="" name="" tests="5" failures="1" skipped="0" errors="0" time="43.538983">
<testsuite name="api.spec.ts" timestamp="2026-03-11T09:17:00.045Z" hostname="" tests="2" failures="0" skipped="0" time="1.128" errors="0">
<testcase name="Reqres API Testing › Get user profile success" classname="api.spec.ts" time="0.646">
</testcase>
<testcase name="Reqres API Testing › Get user profile but user not found" classname="api.spec.ts" time="0.482">
</testcase>
</testsuite>
<testsuite name="test.spec.ts" timestamp="2026-03-11T09:17:00.045Z" hostname="" tests="3" failures="1" skipped="0" time="41.064" errors="0">
<testcase name="Login Test › Login success" classname="test.spec.ts" time="30.031">
<failure message="test.spec.ts:4:5 Login success" type="FAILURE">
<![CDATA[  test.spec.ts:4:5 › Login Test › Login success ────────────────────────────────────────────────────

    Test timeout of 30000ms exceeded.

    Error: locator.click: Test timeout of 30000ms exceeded.
    Call log:
      - waiting for getByRole('link', { name: 'Logout' })


      11 | //   await expect(page.locator('#flash')).toContainText('You logged into a secure area!');
      12 |
    > 13 |   await page.getByRole('link', { name: 'Logout' }).click();
         |                                                    ^
      14 |
      15 | //   await expect(page.locator('#flash')).toContainText('You logged out of the secure area!');
      16 | });
        at /Users/itsnisa/my-playwright-project/tests/test.spec.ts:13:52

    Error Context: ../test-results/test-Login-Test-Login-success/error-context.md
]]>
</failure>
<system-out>
<![CDATA[
[[ATTACHMENT|test-Login-Test-Login-success/error-context.md]]
]]>
</system-out>
</testcase>
<testcase name="Login Test › Login failed - Password incorrect" classname="test.spec.ts" time="5.53">
</testcase>
<testcase name="Login Test › Login failed - Username not found" classname="test.spec.ts" time="5.503">
</testcase>
</testsuite>
</testsuites>